<http://example.org/#this> <http://www.w3.org/1999/02/22-rdf-syntax-ns#type> <http://purl.org/dc/terms/Agent> .
<http://example.org/#this> <http://xmlns.com/foaf/0.1/name> "A particular agent" .
