<http://rdfa.info/test-suite/test-cases/xhtml1/rdfa1.0/0201.xml> <http://purl.org/dc/terms/description> "A yellow rectangle with sharp corners." .
