<http://rdfa.info/test-suite/test-cases/xhtml1/rdfa1.0/0214.xml> <http://www.w3.org/1999/02/22-rdf-syntax-ns#type> <http://xmlns.com/foaf/0.1/Document> .
<http://rdfa.info/test-suite/test-cases/xhtml1/rdfa1.0/0214.xml> <http://purl.org/dc/terms/title> "Test 0214" .
