<http://rdfa.info/test-suite/test-cases/xhtml1/rdfa1.0/0235.xml> <http://purl.org/dc/terms/title> "rdfagraph" .
