<http://rdfa.info/test-suite/test-cases/xhtml1/rdfa1.0/0259.xml> <http://www.w3.org/2003/g/data-view#> "GRDDL" .
<http://rdfa.info/test-suite/test-cases/xhtml1/rdfa1.0/0259.xml> <http://www.w3.org/ns/ma-ont#> "MA" .
<http://rdfa.info/test-suite/test-cases/xhtml1/rdfa1.0/0259.xml> <http://www.w3.org/2002/07/owl#> "OWL" .
<http://rdfa.info/test-suite/test-cases/xhtml1/rdfa1.0/0259.xml> <http://www.w3.org/1999/02/22-rdf-syntax-ns#> "RDF" .
<http://rdfa.info/test-suite/test-cases/xhtml1/rdfa1.0/0259.xml> <http://www.w3.org/ns/rdfa#> "RDFa" .
<http://rdfa.info/test-suite/test-cases/xhtml1/rdfa1.0/0259.xml> <http://www.w3.org/2000/01/rdf-schema#> "RDFS" .
<http://rdfa.info/test-suite/test-cases/xhtml1/rdfa1.0/0259.xml> <http://www.w3.org/2007/rif#> "RIF" .
<http://rdfa.info/test-suite/test-cases/xhtml1/rdfa1.0/0259.xml> <http://www.w3.org/2004/02/skos/core#> "SKOS" .
<http://rdfa.info/test-suite/test-cases/xhtml1/rdfa1.0/0259.xml> <http://www.w3.org/2008/05/skos-xl#> "SKOS-XL" .
<http://rdfa.info/test-suite/test-cases/xhtml1/rdfa1.0/0259.xml> <http://www.w3.org/2007/05/powder#> "WDR" .
<http://rdfa.info/test-suite/test-cases/xhtml1/rdfa1.0/0259.xml> <http://rdfs.org/ns/void#> "VOID" .
<http://rdfa.info/test-suite/test-cases/xhtml1/rdfa1.0/0259.xml> <http://www.w3.org/2007/05/powder-s#> "WDRS" .
<http://rdfa.info/test-suite/test-cases/xhtml1/rdfa1.0/0259.xml> <http://www.w3.org/1999/xhtml/vocab#> "XHV" .
<http://rdfa.info/test-suite/test-cases/xhtml1/rdfa1.0/0259.xml> <http://www.w3.org/XML/1998/namespace> "XML" .
<http://rdfa.info/test-suite/test-cases/xhtml1/rdfa1.0/0259.xml> <http://www.w3.org/2001/XMLSchema#> "XSD" .
<http://rdfa.info/test-suite/test-cases/xhtml1/rdfa1.0/0259.xml> <http://creativecommons.org/ns#> "CC" .
<http://rdfa.info/test-suite/test-cases/xhtml1/rdfa1.0/0259.xml> <http://commontag.org/ns#> "CTAG" .
<http://rdfa.info/test-suite/test-cases/xhtml1/rdfa1.0/0259.xml> <http://purl.org/dc/terms/> "DC" .
<http://rdfa.info/test-suite/test-cases/xhtml1/rdfa1.0/0259.xml> <http://purl.org/dc/terms/> "DCTERMS" .
<http://rdfa.info/test-suite/test-cases/xhtml1/rdfa1.0/0259.xml> <http://xmlns.com/foaf/0.1/> "FOAF" .
<http://rdfa.info/test-suite/test-cases/xhtml1/rdfa1.0/0259.xml> <http://purl.org/goodrelations/v1#> "GR" .
<http://rdfa.info/test-suite/test-cases/xhtml1/rdfa1.0/0259.xml> <http://www.w3.org/2002/12/cal/icaltzd#> "ICAL" .
<http://rdfa.info/test-suite/test-cases/xhtml1/rdfa1.0/0259.xml> <http://ogp.me/ns#> "OG" .
<http://rdfa.info/test-suite/test-cases/xhtml1/rdfa1.0/0259.xml> <http://purl.org/stuff/rev#> "REV" .
<http://rdfa.info/test-suite/test-cases/xhtml1/rdfa1.0/0259.xml> <http://rdfs.org/sioc/ns#> "SIOC" .
<http://rdfa.info/test-suite/test-cases/xhtml1/rdfa1.0/0259.xml> <http://rdf.data-vocabulary.org/#> "V" .
<http://rdfa.info/test-suite/test-cases/xhtml1/rdfa1.0/0259.xml> <http://www.w3.org/2006/vcard/ns#> "VCARD" .
<http://rdfa.info/test-suite/test-cases/xhtml1/rdfa1.0/0259.xml> <http://schema.org/> "Schema" .
<http://rdfa.info/test-suite/test-cases/xhtml1/rdfa1.0/0259.xml> <http://www.w3.org/2007/05/powder-s#describedby> "DescribedBy" .
<http://rdfa.info/test-suite/test-cases/xhtml1/rdfa1.0/0259.xml> <http://www.w3.org/1999/xhtml/vocab#license> "License" .
<http://rdfa.info/test-suite/test-cases/xhtml1/rdfa1.0/0259.xml> <http://www.w3.org/1999/xhtml/vocab#role> "Role" .
