<http://www.example.org/me> <http://purl.org/dc/terms/language> "Ruby" .
