<http://example.com/> <http://purl.org/dc/terms/description> "A yellow rectangle with sharp corners." .
