<http://example.net/> <http://purl.org/dc/terms/title> "Test 0304" .
<http://example.net/> <http://purl.org/dc/terms/description> "A yellow rectangle with sharp corners." .
